// Jest Snapshot v1, https://goo.gl/fbAQLP

exports[`renders correctly 1`] = `
<View
  style={
    Array [
      undefined,
      Object {
        "backgroundColor": "#3d4f7c",
      },
    ]
  }
/>
`;
