// Jest Snapshot v1, https://goo.gl/fbAQLP

exports[`renders correctly 1`] = `
<View
  style={undefined}
>
  <View
    style={
      Array [
        undefined,
      ]
    }
  >
    <View
      onPress={undefined}
      style={
        Array [
          Object {
            "alignItems": "center",
            "backgroundColor": "#43484d",
            "borderRadius": 20,
            "justifyContent": "center",
            "padding": 12,
            "paddingBottom": 3,
            "paddingTop": 3,
          },
          Array [
            undefined,
            Object {
              "backgroundColor": "#99d9ad",
            },
          ],
        ]
      }
    >
      <Text
        accessible={true}
        allowFontScaling={true}
        ellipsizeMode="tail"
        style={undefined}
      >
        Approved
      </Text>
      <View
        onPress={undefined}
        style={
          Array [
            false,
            false,
            false,
            Object {
              "alignItems": "center",
              "backgroundColor": "transparent",
              "justifyContent": "center",
            },
            undefined,
          ]
        }
        underlayColor="white"
      >
        <Text
          accessible={true}
          allowFontScaling={false}
          ellipsizeMode="tail"
          style={
            Array [
              Object {
                "color": "black",
                "fontSize": 24,
              },
              Array [
                Object {
                  "backgroundColor": "transparent",
                },
                undefined,
              ],
              Object {
                "fontFamily": "Feather",
                "fontStyle": "normal",
                "fontWeight": "normal",
              },
            ]
          }
        >
          юде
        </Text>
      </View>
    </View>
  </View>
  <Text
    accessible={true}
    allowFontScaling={true}
    ellipsizeMode="tail"
    style={undefined}
  />
</View>
`;
